---
source: src/tests/mod.rs
expression: source
---

#[derive( Clone, Debug, Eq, Hash, Ord, PartialEq, PartialOrd )]
struct Wrapped<T>(T);

