---
source: src/tests/mod.rs
expression: source
---

#[derive(Clone, Debug, Default Hash)]
struct S;

