---
source: src/tests/mod.rs
expression: source
---

#[derive ( Copy, std :: fmt :: Debug, Eq, Hash, Ord, PartialEq, PartialOrd )]
struct SillyBugger;

