---
source: derivefmt-core/src/tests/mod.rs
expression: source
---

#[derive(Clone, Debug, Default Hash)]
struct S;

