---
source: cargo-derivefmt-core/src/tests/mod.rs
expression: source
---

#[derive(
Clone,
/* ---------- Some really important comment that just had to go inside the derive --------- */
Debug, // And what about this?
Eq, PartialEq,
)]
struct Foo {
    a: i32,
    b: T,
}

