---
source: cargo-derivefmt-core/src/tests/mod.rs
expression: source
---

#[derive(Apples, Clone, Debug, Default, Hash)]
struct T;

